Copyright 1986-2018 Xilinx, Inc. All Rights Reserved.
------------------------------------------------------------------------------------
| Tool Version : Vivado v.2018.2 (win64) Build 2258646 Thu Jun 14 20:03:12 MDT 2018
| Date         : Sat Dec 16 22:19:59 2023
| Host         : RamBo running 64-bit major release  (build 9200)
| Command      : report_control_sets -verbose -file combine_control_sets_placed.rpt
| Design       : combine
| Device       : xc7z020
------------------------------------------------------------------------------------

Control Set Information

Table of Contents
-----------------
1. Summary
2. Histogram
3. Flip-Flop Distribution
4. Detailed Control Set Information

1. Summary
----------

+----------------------------------------------------------+-------+
|                          Status                          | Count |
+----------------------------------------------------------+-------+
| Number of unique control sets                            |    12 |
| Unused register locations in slices containing registers |    28 |
+----------------------------------------------------------+-------+


2. Histogram
------------

+--------+--------------+
| Fanout | Control Sets |
+--------+--------------+
|      2 |            1 |
|      8 |            2 |
|     12 |            4 |
|     14 |            1 |
|    16+ |            4 |
+--------+--------------+


3. Flip-Flop Distribution
-------------------------

+--------------+-----------------------+------------------------+-----------------+--------------+
| Clock Enable | Synchronous Set/Reset | Asynchronous Set/Reset | Total Registers | Total Slices |
+--------------+-----------------------+------------------------+-----------------+--------------+
| No           | No                    | No                     |              24 |            8 |
| No           | No                    | Yes                    |               0 |            0 |
| No           | Yes                   | No                     |              56 |            7 |
| Yes          | No                    | No                     |              54 |           13 |
| Yes          | No                    | Yes                    |               0 |            0 |
| Yes          | Yes                   | No                     |             110 |           17 |
+--------------+-----------------------+------------------------+-----------------+--------------+


4. Detailed Control Set Information
-----------------------------------

+----------------+----------------------------+---------------------+------------------+----------------+
|  Clock Signal  |        Enable Signal       |   Set/Reset Signal  | Slice Load Count | Bel Load Count |
+----------------+----------------------------+---------------------+------------------+----------------+
|  clk_IBUF_BUFG | dc/al_on                   |                     |                1 |              2 |
|  clk_IBUF_BUFG | dc/e0/hour_reg[4]_2        | dc/hour[4]_i_1_n_0  |                3 |              8 |
|  clk_IBUF_BUFG | mode_controller[3]_i_2_n_0 | mode_controller     |                1 |              8 |
|  clk_IBUF_BUFG | dc/e2/E[0]                 | dc/e3/SR[0]         |                2 |             12 |
|  clk_IBUF_BUFG | dc/e0/dd_reg[5][0]         | monthDate/SR[0]     |                2 |             12 |
|  clk_IBUF_BUFG | dc/e1/E[0]                 |                     |                2 |             12 |
|  clk_IBUF_BUFG | dc/e3/E[0]                 |                     |                3 |             12 |
|  clk_IBUF_BUFG | led6_reg                   | led5_reg[2]_i_1_n_0 |                2 |             14 |
|  clk_IBUF_BUFG |                            |                     |                8 |             24 |
|  clk_IBUF_BUFG | led4_reg                   |                     |                7 |             28 |
|  clk_IBUF_BUFG |                            | get/clear           |                7 |             56 |
|  clk_IBUF_BUFG | dc/al_on                   | alert/counter       |                7 |             56 |
+----------------+----------------------------+---------------------+------------------+----------------+


